// Vitest Snapshot v1

exports[`<App /> > deve renderizar o component 1`] = `
<div>
  <div>
    <h1>
      Tarefas
    </h1>
    <ul>
      <li>
        Estudar React
        <button>
          ❌
        </button>
      </li>
      <li>
        Estudar TypeScript
        <button>
          ❌
        </button>
      </li>
    </ul>
  </div>
</div>
`;

exports[`<App /> > deve renderizar o componente 1`] = `
<div>
  <div>
    <h1>
      Tarefas
    </h1>
    <ul>
      <li>
        Estudar React
        <button>
          ❌
        </button>
      </li>
      <li>
        Estudar TypeScript
        <button>
          ❌
        </button>
      </li>
    </ul>
  </div>
</div>
`;
